 gcc -g p3final.c
 gdb ./a.out
GNU gdb (Ubuntu 8.1.1-0ubuntu1) 8.1.1
Copyright (C) 2018 Free Software Foundation, Inc.
License GPLv3+: GNU GPL version 3 or later <http://gnu.org/licenses/gpl.html>
This is free software: you are free to change and redistribute it.
There is NO WARRANTY, to the extent permitted by law.  Type "show copying"
and "show warranty" for details.
This GDB was configured as "x86_64-linux-gnu".
Type "show configuration" for configuration details.
For bug reporting instructions, please see:
<http://www.gnu.org/software/gdb/bugs/>.
Find the GDB manual and other documentation resources online at:
<http://www.gnu.org/software/gdb/documentation/>.
For help, type "help".
Type "apropos word" to search for commands related to "word"...
Reading symbols from ./a.out...done.
(gdb) b main
Breakpoint 1 at 0x84d: file p3final.c, line 32.
(gdb) r
Starting program: /home/runner/Test3Session2/a.out 
warning: Error disabling address space randomization: Operation not permitted

Breakpoint 1, main () at p3final.c:32
32  {
(gdb) n
34    input_n_and_r(&a,&b);
(gdb) s
input_n_and_r (n=0x7fff45562b9c, r=0x7fff45562ba0) at p3final.c:4
4     printf("Enter the value of n: ");
(gdb) n
5     scanf("%d",n);
(gdb) n
Enter the value of n: 5
6     printf("Enter the value of r :");
(gdb) n
7     scanf("%d",r);
(gdb) n
Enter the value of r :4
8   }
(gdb) n
main () at p3final.c:35
35    result=ncr(a,b);
(gdb) n
36    output(a,b,result);
(gdb) s
output (n=5, r=4, result=5) at p3final.c:29
29    printf("The factorial of %d and %d is %d",n,r,result);
(gdb) n
30  }
(gdb) n
main () at p3final.c:37
37    return 0;
(gdb) n
38  }(gdb) q
A debugging session is active.

    Inferior 1 [process 190] will be killed.

Quit anyway? (y or n) y